{
    "-profile test --flag_in_source": {
        "content": [
            {
                "MS2RESCORE": {
                    "MS2Rescore": "3.1.5"
                },
                "OPENMSTHIRDPARTY_COMETADAPTER": {
                    "Comet": "2024.01 rev. 1",
                    "CometAdapter": "3.5.0"
                },
                "OPENMS_DECOYDATABASE": {
                    "openms": "3.5.0"
                },
                "OPENMS_IDFILTER_Q_VALUE": {
                    "openms": "3.5.0"
                },
                "OPENMS_IDMASSACCURACY": {
                    "openms": "3.4.1"
                },
                "OPENMS_IDMERGER": {
                    "openms": "3.5.0"
                },
                "OPENMS_PEPTIDEINDEXER": {
                    "openms": "3.5.0"
                },
                "OPENMS_PERCOLATORADAPTER": {
                    "PercolatorAdapter": "3.5.0-pre-exported-20251212",
                    "percolator": "3.07.1"
                },
                "OPENMS_PSMFEATUREEXTRACTOR": {
                    "openms": "3.5.0"
                },
                "OPENMS_TEXTEXPORTER": {
                    "openms": "3.5.0"
                },
                "PYOPENMS_CHROMATOGRAMEXTRACTOR": {
                    "pyopenms": "3.4.1"
                },
                "PYOPENMS_FLAGINSOURCE": {
                    "pyopenms": "3.4.1"
                },
                "SUMMARIZE_RESULTS": {
                    "pyopenms": "3.4.1"
                },
                "Workflow": {
                    "nf-core/mhcquant": "v3.2.0"
                }
            }
        ],
        "timestamp": "2026-06-09T12:53:02.498497411",
        "meta": {
            "nf-test": "0.9.5",
            "nextflow": "25.10.5"
        }
    }
}